- balancer:
    allocationPolicy:
      locations:
      - subnetId: {{ SUBNET_A }}
        zoneId: ru-central1-a
      - subnetId: {{ SUBNET_B }}
        zoneId: ru-central1-b
      - subnetId: {{ SUBNET_C }}
        zoneId: ru-central1-c
    createdAt: "2024-03-15T17:27:03.513453396Z"
    description: 'ALB for ingresses with tag: default'
    folderId: b1gu6misphmisk43v5l7
    id: ds7fv9ovo6ok6d8icgpl
    labels:
      cluster_ref_label: default
      system: yc-alb-ingress
    listeners:
    - endpoints:
      - addresses:
        - externalIpv6Address:
            address: {{ ALB_IP }}
        ports:
        - "80"
      http:
        handler:
          httpRouterId: ds7arje48v9ntc211tql
      name: listenerhttp-f6810d5fdc6bf681b8b632d6e62144b17f0da56c
    - endpoints:
      - addresses:
        - externalIpv6Address:
            address: {{ ALB_IP }}
        ports:
        - "443"
      name: listenertls-f6810d5fdc6bf681b8b632d6e62144b17f0da56c
      tls:
        defaultHandler:
          certificateIds:
          - fpq1nf85oqv0td1cvi1l
          httpHandler:
            httpRouterId: ds7dm7iv73lc525krd2d
        sniHandlers:
        - handler:
            certificateIds:
            - fpq1nf85oqv0td1cvi1l
            httpHandler:
              httpRouterId: ds7dm7iv73lc525krd2d
          name: sni-e04ce5a89f02e888dc6af8c74baf68af14f03efd
          serverNames:
          - {{ GRPC_HOST }}
        - handler:
            certificateIds:
            - fpqtvmqb9gkebdbvk16m
            httpHandler:
              httpRouterId: ds7dm7iv73lc525krd2d
          name: sni-6f36c42be2e90b2ff68bda5016415500c6286a5d
          serverNames:
          - '*.info'
    name: alb-f6810d5fdc6bf681b8b632d6e62144b17f0da56c
    networkId: enpamgbscmr43hs3egdr
    securityGroupIds:
    - {{ SG_1 }}
    - {{ SG_2 }}
    status: ACTIVE
  router:
    createdAt: "2024-03-15T17:27:02.353927363Z"
    description: 'router for k8s ingress with tag: default'
    folderId: b1gu6misphmisk43v5l7
    id: ds7arje48v9ntc211tql
    labels:
      cluster_ref_label: default
      system: yc-alb-ingress
    name: httprouter-f6810d5fdc6bf681b8b632d6e62144b17f0da56c
    virtualHosts:
    - authority:
      - seventh-server.info
      name: vh-f6810d5fdc6bf681b8b632d6e62144b17f0da56c-0
      routes:
      - http:
          match:
            path:
              exactMatch: /go
          route:
            backendGroupId: ds7g7qjijfeqkevln3s7
        name: route-e62fa9a6805a4599c4a5637a4bea3939ae708fca
      - http:
          match:
            path:
              prefixMatch: /go
          route:
            backendGroupId: ds74fo0rjjg0vug7v110
        name: route-546ebe2d740a2810fefa3e553a2777ab9a63183b
    - authority:
      - first-server.info
      name: vh-f6810d5fdc6bf681b8b632d6e62144b17f0da56c-1
      routes:
      - http:
          directResponse:
            body:
              text: hello there
            status: "500"
          match:
            path:
              prefixMatch: /direct-response-500
        name: route-3f716516545f1d0f1e2da5972a6d737a30f7f9eb
      - http:
          match:
            path:
              regexMatch: /rege(x(es)?|xps?)
          route:
            backendGroupId: ds74fo0rjjg0vug7v110
            idleTimeout: 360s
            timeout: 15s
        name: route-610dfbf3d43d3667a2f45ccb5158940a68c46f35
      - http:
          match:
            path:
              prefixMatch: /go
          route:
            backendGroupId: ds78akcnl17t1v6pq72s
            idleTimeout: 360s
            timeout: 15s
        name: route-34b8ac75131ba87a2d53addd185f8543e36530a1
      - http:
          match:
            path:
              prefixMatch: /insecure-nonwildcard
          route:
            backendGroupId: ds74fo0rjjg0vug7v110
            idleTimeout: 360s
            timeout: 15s
        name: route-ad70bc960ccf3065cbd22eeb9e5cf31d66821938
      - http:
          match:
            path:
              prefixMatch: /other-ns-go
          route:
            backendGroupId: ds78akcnl17t1v6pq72s
            idleTimeout: 360s
            timeout: 15s
        name: route-0ecd49fbe7ad41fc1b62cec127be24095a96c02c
    - authority:
      - second-server.info
      name: vh-f6810d5fdc6bf681b8b632d6e62144b17f0da56c-2
      routes:
      - http:
          match:
            path:
              prefixMatch: /proceed-h2c
          route:
            backendGroupId: ds7d6mu6ofs0ra66bss7
            idleTimeout: 360s
            timeout: 15s
        name: route-cffac379ed723181a5a45361f7e44035c38943d5
      - http:
          match:
            path:
              prefixMatch: /vamoose
          route:
            backendGroupId: ds74fo0rjjg0vug7v110
            idleTimeout: 360s
            timeout: 10s
        name: route-ffc0b619d760829313befeca9a5d6e73cfb715d3
    - authority:
      - sixth-server.info
      name: vh-f6810d5fdc6bf681b8b632d6e62144b17f0da56c-3
      routes:
      - http:
          match:
            path:
              prefixMatch: /static
          route:
            backendGroupId: ds72o98quqte59hslhtk
        name: route-a898a84d77c5d2b10eac53e06241c90cb1491db0
    - authority:
      - '*.info'
      name: vh-f6810d5fdc6bf681b8b632d6e62144b17f0da56c-4
      routes:
      - http:
          match:
            path:
              prefixMatch: /secure-wildcard
          redirect:
            replacePort: "443"
            replaceScheme: https
        name: route-1fb2efa566d6910367574dd9d949ff89b7b9b760
    - authority:
      - {{ GRPC_HOST }}
      name: vh-f6810d5fdc6bf681b8b632d6e62144b17f0da56c-5
      routes:
      - grpc:
          match:
            fqmn:
              prefixMatch: /helloworld.Greeter/SayHello
          route:
            backendGroupId: ds7budci92qbpmcuh0re
            idleTimeout: 360s
            maxTimeout: 15s
        name: route-c5aada70351bb856f77408bd84ce9295f787da3c
  tls_router:
    createdAt: "2024-03-15T17:27:03.000632046Z"
    description: 'router for k8s ingress with tag: default'
    folderId: b1gu6misphmisk43v5l7
    id: ds7dm7iv73lc525krd2d
    labels:
      cluster_ref_label: default
      system: yc-alb-ingress
    name: tlsrouter-f6810d5fdc6bf681b8b632d6e62144b17f0da56c
    virtualHosts:
    - authority:
      - first-server.info
      name: vh-f6810d5fdc6bf681b8b632d6e62144b17f0da56c-6
      routes:
      - http:
          directResponse:
            body:
              text: hello there
            status: "500"
          match:
            path:
              prefixMatch: /direct-response-500
        name: route-3f716516545f1d0f1e2da5972a6d737a30f7f9eb
    - authority:
      - {{ GRPC_HOST }}
      name: vh-f6810d5fdc6bf681b8b632d6e62144b17f0da56c-7
      routes:
      - grpc:
          match:
            fqmn:
              prefixMatch: /helloworld.Greeter/SayHello
          route:
            backendGroupId: ds7budci92qbpmcuh0re
            idleTimeout: 360s
            maxTimeout: 15s
        name: route-c5aada70351bb856f77408bd84ce9295f787da3c
    - authority:
      - '*.info'
      name: vh-f6810d5fdc6bf681b8b632d6e62144b17f0da56c-8
      routes:
      - http:
          match:
            path:
              prefixMatch: /secure-wildcard
          route:
            backendGroupId: ds74fo0rjjg0vug7v110
            idleTimeout: 360s
            timeout: 15s
        name: route-1fb2efa566d6910367574dd9d949ff89b7b9b760
- balancer:
    allocationPolicy:
      locations:
      - subnetId: {{ SUBNET_B }}
        zoneId: ru-central1-b
      - subnetId: {{ SUBNET_C }}
        zoneId: ru-central1-c
    createdAt: "2024-03-15T17:26:34.578834586Z"
    description: 'ALB for ingresses with tag: internal'
    folderId: b1gu6misphmisk43v5l7
    id: ds7ufb36todijdbln230
    labels:
      cluster_ref_label: default
      system: yc-alb-ingress
    listeners:
    - endpoints:
      - addresses:
        - internalIpv4Address:
            address: 192.168.12.11
            subnetId: {{ SUBNET_C }}
        ports:
        - "80"
      http:
        handler:
          httpRouterId: ds7niee1cqq6gjc2kpd2
      name: listenerhttp-fcd738700acad9372394ed0452f4607feb050502
    name: alb-fcd738700acad9372394ed0452f4607feb050502
    networkId: enpamgbscmr43hs3egdr
    status: ACTIVE
  router:
    createdAt: "2024-03-15T17:26:34.281217544Z"
    description: 'router for k8s ingress with tag: internal'
    folderId: b1gu6misphmisk43v5l7
    id: ds7niee1cqq6gjc2kpd2
    labels:
      cluster_ref_label: default
      system: yc-alb-ingress
    name: httprouter-fcd738700acad9372394ed0452f4607feb050502
    virtualHosts:
    - authority:
      - fifth-server.info
      name: vh-fcd738700acad9372394ed0452f4607feb050502-0
      routes:
      - http:
          match:
            path:
              prefixMatch: /go-internal
          route:
            backendGroupId: ds74fo0rjjg0vug7v110
        name: route-154d3bb6c2de04ed44cc3f798ca43d835a14c932
  tls_router: {}
- balancer:
    allocationPolicy:
      locations:
      - subnetId: {{ SUBNET_A }}
        zoneId: ru-central1-a
      - subnetId: {{ SUBNET_B }}
        zoneId: ru-central1-b
      - subnetId: {{ SUBNET_C }}
        zoneId: ru-central1-c
    createdAt: "2024-03-15T17:26:33.272742127Z"
    description: 'ALB for ingresses with tag: non-default'
    folderId: b1gu6misphmisk43v5l7
    id: ds7qbsb10tv95hikpqnh
    labels:
      cluster_ref_label: default
      system: yc-alb-ingress
    listeners:
    - endpoints:
      - addresses:
        - externalIpv6Address:
            address: 2a0d:d6c1:0:1c::2a3
        ports:
        - "80"
      http:
        handler:
          httpRouterId: ds7a10uq1adtnt1a5701
      name: listenerhttp-6c310c5580ac0521f485019ee38ea0a1e707a060
    - endpoints:
      - addresses:
        - externalIpv6Address:
            address: 2a0d:d6c1:0:1c::2a3
        ports:
        - "443"
      name: listenertls-6c310c5580ac0521f485019ee38ea0a1e707a060
      tls:
        defaultHandler:
          certificateIds:
          - fpqtvmqb9gkebdbvk16m
          httpHandler:
            httpRouterId: ds7ueg73ojkebfqng57r
        sniHandlers:
        - handler:
            certificateIds:
            - fpqtvmqb9gkebdbvk16m
            httpHandler:
              httpRouterId: ds7ueg73ojkebfqng57r
          name: sni-0ec69306de02f5819ff377596c6734a0b431edc8
          serverNames:
          - third-server.info
        - handler:
            certificateIds:
            - fpqtvmqb9gkebdbvk16m
            httpHandler:
              httpRouterId: ds7ueg73ojkebfqng57r
          name: sni-b695ca02174e203b0ba56a49cd39c933d47cb95e
          serverNames:
          - fourth-server.info
    name: alb-6c310c5580ac0521f485019ee38ea0a1e707a060
    networkId: enpamgbscmr43hs3egdr
    status: ACTIVE
  router:
    createdAt: "2024-03-15T17:26:32.489326718Z"
    description: 'router for k8s ingress with tag: non-default'
    folderId: b1gu6misphmisk43v5l7
    id: ds7a10uq1adtnt1a5701
    labels:
      cluster_ref_label: default
      system: yc-alb-ingress
    name: httprouter-6c310c5580ac0521f485019ee38ea0a1e707a060
    virtualHosts:
    - authority:
      - third-server.info
      name: vh-6c310c5580ac0521f485019ee38ea0a1e707a060-0
      routes:
      - http:
          match:
            path:
              prefixMatch: /test
          redirect:
            replacePort: "443"
            replaceScheme: https
        name: route-2f6a0dfd7050351c9a548f4f2955abf38d4a0c94
    - authority:
      - fourth-server.info
      name: vh-6c310c5580ac0521f485019ee38ea0a1e707a060-1
      routes:
      - http:
          match:
            path:
              prefixMatch: /test
          redirect:
            replacePort: "443"
            replaceScheme: https
        name: route-8974744b12e51b8da3e0e23803401c9a03b244b3
  tls_router:
    createdAt: "2024-03-15T17:26:32.725771511Z"
    description: 'router for k8s ingress with tag: non-default'
    folderId: b1gu6misphmisk43v5l7
    id: ds7ueg73ojkebfqng57r
    labels:
      cluster_ref_label: default
      system: yc-alb-ingress
    name: tlsrouter-6c310c5580ac0521f485019ee38ea0a1e707a060
    virtualHosts:
    - authority:
      - third-server.info
      name: vh-6c310c5580ac0521f485019ee38ea0a1e707a060-2
      routes:
      - http:
          match:
            path:
              prefixMatch: /test
          route:
            backendGroupId: ds74fo0rjjg0vug7v110
            timeout: 15s
        name: route-2f6a0dfd7050351c9a548f4f2955abf38d4a0c94
    - authority:
      - fourth-server.info
      name: vh-6c310c5580ac0521f485019ee38ea0a1e707a060-3
      routes:
      - http:
          match:
            path:
              prefixMatch: /test
          route:
            backendGroupId: ds74fo0rjjg0vug7v110
            timeout: 20s
        name: route-8974744b12e51b8da3e0e23803401c9a03b244b3
