- balancer:
    allocationPolicy:
      locations:
      - subnetId: {{ SUBNET_A }}
        zoneId: ru-central1-a
      - subnetId: {{ SUBNET_B }}
        zoneId: ru-central1-b
      - subnetId: {{ SUBNET_C }}
        zoneId: ru-central1-c
    createdAt: "2024-03-15T17:47:22.989044737Z"
    description: 'ALB for ingresses with tag: default-class'
    folderId: b1gu6misphmisk43v5l7
    id: ds7ug5riqtgrnd5d797v
    labels:
      cluster_ref_label: default
      system: yc-alb-ingress
    listeners:
    - endpoints:
      - addresses:
        - externalIpv6Address:
            address: 2a0d:d6c1:0:1c::60
        ports:
        - "80"
      http:
        handler:
          httpRouterId: ds7f6918p1rjfu7hd7sk
      name: listenerhttp-0fff902d3c330043852d09f18c83ba1159110643
    name: alb-0fff902d3c330043852d09f18c83ba1159110643
    networkId: enpamgbscmr43hs3egdr
    securityGroupIds:
    - {{ SG_1 }}
    - {{ SG_2 }}
    status: ACTIVE
  router:
    createdAt: "2024-03-15T17:47:22.675503642Z"
    description: 'router for k8s ingress with tag: default-class'
    folderId: b1gu6misphmisk43v5l7
    id: ds7f6918p1rjfu7hd7sk
    labels:
      cluster_ref_label: default
      system: yc-alb-ingress
    name: httprouter-0fff902d3c330043852d09f18c83ba1159110643
    virtualHosts:
    - authority:
      - first-server.info
      name: vh-0fff902d3c330043852d09f18c83ba1159110643-0
      routes:
      - http:
          match:
            path:
              prefixMatch: /go
          route:
            backendGroupId: ds7ne3tpgt5f0mdv5ade
            idleTimeout: 360s
            timeout: 15s
        name: route-3a14381f878fb6d0884240bc6b3fb7d4ebf19da0
  tls_router: {}
- balancer:
    allocationPolicy:
      locations:
      - subnetId: {{ SUBNET_A }}
        zoneId: ru-central1-a
      - subnetId: {{ SUBNET_B }}
        zoneId: ru-central1-b
    createdAt: "2024-03-15T17:47:21.488876764Z"
    description: 'ALB for ingresses with tag: non-default-class'
    folderId: b1gu6misphmisk43v5l7
    id: ds7r9mp4p30kj42d5ako
    labels:
      cluster_ref_label: default
      system: yc-alb-ingress
    listeners:
    - endpoints:
      - addresses:
        - externalIpv6Address:
            address: 2a0d:d6c1:0:1c::48
        ports:
        - "80"
      http:
        handler:
          httpRouterId: ds7rm9e82r149ntl5tcr
      name: listenerhttp-cb84af66b5834f6a5b49af2bfe16f9602a3dd636
    - endpoints:
      - addresses:
        - externalIpv6Address:
            address: 2a0d:d6c1:0:1c::48
        ports:
        - "443"
      name: listenertls-cb84af66b5834f6a5b49af2bfe16f9602a3dd636
      tls:
        defaultHandler:
          certificateIds:
          - fpqtvmqb9gkebdbvk16m
          httpHandler:
            httpRouterId: ds7ma4cgi8huvbvvs4om
        sniHandlers:
        - handler:
            certificateIds:
            - fpqtvmqb9gkebdbvk16m
            httpHandler:
              httpRouterId: ds7ma4cgi8huvbvvs4om
          name: sni-93df5b2b8bd349050a78b6aa02191c1781918187
          serverNames:
          - third-server.info
    name: alb-cb84af66b5834f6a5b49af2bfe16f9602a3dd636
    networkId: enpamgbscmr43hs3egdr
    status: ACTIVE
  router:
    createdAt: "2024-03-15T17:47:20.814686499Z"
    description: 'router for k8s ingress with tag: non-default-class'
    folderId: b1gu6misphmisk43v5l7
    id: ds7rm9e82r149ntl5tcr
    labels:
      cluster_ref_label: default
      system: yc-alb-ingress
    name: httprouter-cb84af66b5834f6a5b49af2bfe16f9602a3dd636
    virtualHosts:
    - authority:
      - third-server.info
      name: vh-cb84af66b5834f6a5b49af2bfe16f9602a3dd636-0
      routes:
      - http:
          match:
            path:
              prefixMatch: /test
          redirect:
            replacePort: "443"
            replaceScheme: https
        name: route-9e4c0cc3af7c07d4689060eb6de17dfaf399c429
  tls_router:
    createdAt: "2024-03-15T17:47:21.065108612Z"
    description: 'router for k8s ingress with tag: non-default-class'
    folderId: b1gu6misphmisk43v5l7
    id: ds7ma4cgi8huvbvvs4om
    labels:
      cluster_ref_label: default
      system: yc-alb-ingress
    name: tlsrouter-cb84af66b5834f6a5b49af2bfe16f9602a3dd636
    virtualHosts:
    - authority:
      - third-server.info
      name: vh-cb84af66b5834f6a5b49af2bfe16f9602a3dd636-1
      routes:
      - http:
          match:
            path:
              prefixMatch: /test
          route:
            backendGroupId: ds7ne3tpgt5f0mdv5ade
            timeout: 15s
        name: route-9e4c0cc3af7c07d4689060eb6de17dfaf399c429
